// Jest Snapshot v1, https://goo.gl/fbAQLP

exports[`Pruebas en el EntryList debe de llamar el getEntriesByTerm sin termino y mostrar 2 entradas 1`] = `
<div class="entry-list-container">
  <!-- BUSCADOR -->
  <div class="px-2 pt-2"><input type="text" class="form-control" placeholder="Busca el pueblo"></div><!-- BOTÃ“N NUEVA ENTRADA -->
  <div class="mt-2 d-flex flex-column"><button class="btn btn-primary mx-3"><i class="fa fa-plus-circle"></i> Nueva entrada </button></div><!-- LISTA DE ENTRADAS -->
  <div class="entry-scrollarea">
    <entry-stub entry="[object Object]"></entry-stub>
    <entry-stub entry="[object Object]"></entry-stub>
  </div>
</div>
`;
