// Jest Snapshot v1, https://goo.gl/fbAQLP

exports[`Pruebas About View Debe de hacer match con el snapshot 1`] = `
<div class="about">
  <h1>Esta es la p√°gina de contacto</h1>
</div>
`;
